error: source file or directory not found: app/src/main/java/com/niko/assistant/voice/LeoVoiceMetrics.kt
error: source file or directory not found: app/src/main/java/com/niko/assistant/voice/TranscriptQuality.kt
error: source file or directory not found: app/src/test/java/com/niko/assistant/voice/TranscriptQualityTest.kt
error: source file or directory not found: app/src/main/java/com/niko/assistant/voice/SpeechAudioHistory.kt
error: source file or directory not found: app/src/test/java/com/niko/assistant/voice/SpeechAudioHistoryTest.kt
error: source file or directory not found: app/src/main/java/com/niko/assistant/voice/SpeechAudioFidelity.kt
error: source file or directory not found: app/src/test/java/com/niko/assistant/voice/SpeechAudioFidelityTest.kt
error: source file or directory not found: app/src/main/java/com/niko/assistant/voice/FaithfulSpeechTranscriber.kt
error: source file or directory not found: app/src/test/java/com/niko/assistant/voice/FaithfulSpeechTranscriberTest.kt
error: source file or directory not found: app/src/main/java/com/niko/assistant/voice/SpeechOutputPolicy.kt
error: source file or directory not found: app/src/test/java/com/niko/assistant/voice/SpeechOutputPolicyTest.kt
error: source file or directory not found: app/src/main/java/com/niko/assistant/voice/WakeCommandWindow.kt
error: source file or directory not found: app/src/test/java/com/niko/assistant/voice/WakeCommandWindowTest.kt
error: source file or directory not found: app/src/main/java/com/niko/assistant/voice/LeoRealtimeTurnBus.kt
error: source file or directory not found: app/src/test/java/com/niko/assistant/voice/LeoRealtimeTurnBusTest.kt
error: source file or directory not found: app/src/main/java/com/niko/assistant/voice/FarFieldAudioEnhancer.kt
error: source file or directory not found: app/src/test/java/com/niko/assistant/voice/FarFieldAudioEnhancerTest.kt
error: source file or directory not found: app/src/main/java/com/niko/assistant/voice/WakeWordGate.kt
error: source file or directory not found: app/src/test/java/com/niko/assistant/voice/WakeWordGateTest.kt
error: source file or directory not found: app/src/main/java/com/niko/assistant/voice/LeoPassiveWakeVerifier.kt
error: source file or directory not found: app/src/test/java/com/niko/assistant/voice/LeoPassiveWakeVerifierTest.kt
error: source file or directory not found: app/src/main/java/com/niko/assistant/voice/PcmPreRoll.kt
error: source file or directory not found: app/src/test/java/com/niko/assistant/voice/PcmPreRollTest.kt
error: source file or directory not found: app/src/main/java/com/niko/assistant/voice/VoiceControl.kt
error: source file or directory not found: app/src/test/java/com/niko/assistant/voice/VoiceControlTest.kt
error: source file or directory not found: app/src/main/java/com/niko/assistant/devicecontrol/NikoDirectUiAction.kt
error: source file or directory not found: app/src/test/java/com/niko/assistant/devicecontrol/NikoDirectUiActionTest.kt
error: source file or directory not found: app/src/main/java/com/niko/assistant/devicecontrol/NikoUiTaskPolicy.kt
error: source file or directory not found: app/src/test/java/com/niko/assistant/devicecontrol/NikoUiTaskPolicyTest.kt
