error: source file or directory not found: app/src/main/java/com/niko/assistant/memory/MemoryLearning.kt
error: source file or directory not found: app/src/main/java/com/niko/assistant/brain/AssistantCommand.kt
error: source file or directory not found: app/src/main/java/com/niko/assistant/brain/WebQueryRouter.kt
error: source file or directory not found: app/src/main/java/com/niko/assistant/ai/NikoAiReply.kt
error: source file or directory not found: app/src/main/java/com/niko/assistant/ai/LeoBrand.kt
error: source file or directory not found: app/src/main/java/com/niko/assistant/ai/NikoIdentity.kt
error: source file or directory not found: app/src/main/java/com/niko/assistant/ai/NikoPersonality.kt
error: source file or directory not found: app/src/main/java/com/niko/assistant/ai/ConversationContext.kt
error: source file or directory not found: app/src/main/java/com/niko/assistant/ai/AutonomousResearch.kt
error: source file or directory not found: app/src/main/java/com/niko/assistant/ai/ResearchQuality.kt
error: source file or directory not found: app/src/main/java/com/niko/assistant/ai/LeoNativeWebSearch.kt
error: source file or directory not found: app/src/main/java/com/niko/assistant/learning/AdaptiveLearningPolicy.kt
error: source file or directory not found: app/src/main/java/com/niko/assistant/learning/InteractionCorrection.kt
error: source file or directory not found: app/src/main/java/com/niko/assistant/learning/LearnedActionCodec.kt
error: source file or directory not found: app/src/main/java/com/niko/assistant/learning/LearnedActionStore.kt
error: source file or directory not found: app/src/main/java/com/niko/assistant/learning/LeoIntentTrainingCorpus.kt
error: source file or directory not found: app/src/main/java/com/niko/assistant/learning/OnlineIntentNetwork.kt
error: source file or directory not found: app/src/main/java/com/niko/assistant/localai/LocalConversationPrompt.kt
error: source file or directory not found: app/src/test/java/com/niko/assistant/ai/NikoIdentityTest.kt
error: source file or directory not found: app/src/test/java/com/niko/assistant/ai/ConversationContextTest.kt
error: source file or directory not found: app/src/test/java/com/niko/assistant/ai/ResearchQualityTest.kt
error: source file or directory not found: app/src/test/java/com/niko/assistant/ai/LeoNativeWebSearchTest.kt
error: source file or directory not found: app/src/test/java/com/niko/assistant/learning/AdaptiveLearningPolicyTest.kt
error: source file or directory not found: app/src/test/java/com/niko/assistant/learning/InteractionCorrectionTest.kt
error: source file or directory not found: app/src/test/java/com/niko/assistant/learning/LearnedActionCodecTest.kt
error: source file or directory not found: app/src/test/java/com/niko/assistant/learning/LearnedActionStoreTest.kt
error: source file or directory not found: app/src/test/java/com/niko/assistant/learning/LeoIntentTrainingCorpusTest.kt
error: source file or directory not found: app/src/test/java/com/niko/assistant/learning/OnlineIntentNetworkTest.kt
error: source file or directory not found: app/src/test/java/com/niko/assistant/localai/LocalConversationPromptTest.kt
