npm warn Unknown env config "http-proxy". This will stop working in the next major version of npm.

> leo-assistant@0.11.0 build
> vite build && esbuild server.ts --bundle --platform=node --format=cjs --packages=external --sourcemap --outfile=dist/server.cjs

vite v6.4.3 building for production...
transforming...
✓ 1910 modules transformed.
rendering chunks...
computing gzip size...
dist/index.html                     1.48 kB │ gzip:   0.68 kB
dist/assets/index-51e1awEZ.css     56.82 kB │ gzip:   9.52 kB
dist/assets/index-CjJVlpiW.js     241.96 kB │ gzip:  72.47 kB
dist/assets/LeoRobot-DX7WMJtm.js  583.79 kB │ gzip: 150.29 kB

(!) Some chunks are larger than 500 kB after minification. Consider:
- Using dynamic import() to code-split the application
- Use build.rollupOptions.output.manualChunks to improve chunking: https://rollupjs.org/configuration-options/#output-manualchunks
- Adjust chunk size limit for this warning via build.chunkSizeWarningLimit.
✓ built in 2.92s

  dist/server.cjs      15.1kb
  dist/server.cjs.map  25.4kb

⚡ Done in 4ms
